// Jest Snapshot v1, https://goo.gl/fbAQLP

exports[`styles 1`] = `
<input
  className="sc-bdvvtL htsTwx"
  value="gaming"
/>
`;
