// Jest Snapshot v1, https://goo.gl/fbAQLP

exports[`ToolbarButton renders 1`] = `
<button
  className="sc-bdvvtL kYYPCm"
  onClick={[Function]}
  resource="face.svg"
/>
`;
