// Jest Snapshot v1, https://goo.gl/fbAQLP

exports[`toolbar styles 1`] = `
<div
  className="sc-bdvvtL deXrXU"
  dir="right"
>
  <button
    className="sc-gsDKAQ jwvJvV"
    onClick={[Function]}
    resource="face.svg"
  />
</div>
`;
